03:23:50 **** Incremental Build of configuration Debug for project floating_point_adder ****
make pre-build main-build 
a9-linaro-pre-build-step
 
Building file: ../src/main.c
Invoking: ARM v7 gcc compiler
arm-none-eabi-gcc -Wall -O0 -g3 -c -fmessage-length=0 -MT"src/main.o" -mcpu=cortex-a9 -mfpu=vfpv3 -mfloat-abi=hard -I../../floating_point_adder_bsp/ps7_cortexa9_0/include -MMD -MP -MF"src/main.d" -MT"src/main.o" -o "src/main.o" "../src/main.c"
In file included from ../src/main.c:5:0:
../src/main.c: In function 'main':
../src/main.c:42:97: error: 'FLOATING_POINT_ADDER_INIT' undeclared (first use in this function); did you mean 'FLOATING_POINT_ADDER_INIT_0'?
  FLOATING_POINT_ADDER_IP_mWriteReg(FLOATING_POINT_ADDER_BASEADDR, FLOATING_POINT_ADDER_IP_REG2, FLOATING_POINT_ADDER_INIT);
                                                                                                 ^
../../floating_point_adder_bsp/ps7_cortexa9_0/include/floating_point_adder_ip.h:39:49: note: in definition of macro 'FLOATING_POINT_ADDER_IP_mWriteReg'
    Xil_Out32((BaseAddress) + (RegOffset), (u32)(Data))
                                                 ^~~~
../src/main.c:42:97: note: each undeclared identifier is reported only once for each function it appears in
  FLOATING_POINT_ADDER_IP_mWriteReg(FLOATING_POINT_ADDER_BASEADDR, FLOATING_POINT_ADDER_IP_REG2, FLOATING_POINT_ADDER_INIT);
                                                                                                 ^
../../floating_point_adder_bsp/ps7_cortexa9_0/include/floating_point_adder_ip.h:39:49: note: in definition of macro 'FLOATING_POINT_ADDER_IP_mWriteReg'
    Xil_Out32((BaseAddress) + (RegOffset), (u32)(Data))
                                                 ^~~~
../src/main.c:25:6: warning: variable 'Status' set but not used [-Wunused-but-set-variable]
  int Status;
      ^~~~~~
make: *** [src/subdir.mk:23: src/main.o] Error 1
03:23:54 **** Auto Build of configuration Debug for project floating_point_adder ****
make pre-build main-build 
a9-linaro-pre-build-step
 
Building file: ../src/main.c
Invoking: ARM v7 gcc compiler
arm-none-eabi-gcc -Wall -O0 -g3 -c -fmessage-length=0 -MT"src/main.o" -mcpu=cortex-a9 -mfpu=vfpv3 -mfloat-abi=hard -I../../floating_point_adder_bsp/ps7_cortexa9_0/include -MMD -MP -MF"src/main.d" -MT"src/main.o" -o "src/main.o" "../src/main.c"
../src/main.c: In function 'main':
../src/main.c:25:6: warning: variable 'Status' set but not used [-Wunused-but-set-variable]
  int Status;
      ^~~~~~
Finished building: ../src/main.c
 
Building target: floating_point_adder.elf
Invoking: ARM v7 gcc linker
arm-none-eabi-gcc -mcpu=cortex-a9 -mfpu=vfpv3 -mfloat-abi=hard -Wl,-build-id=none -specs=Xilinx.spec -Wl,-T -Wl,../src/lscript.ld -L../../floating_point_adder_bsp/ps7_cortexa9_0/lib -o "floating_point_adder.elf" ./src/main.o   -Wl,--start-group,-lxil,-lgcc,-lc,--end-group
Finished building target: floating_point_adder.elf
 
Invoking: ARM v7 Print Size
arm-none-eabi-size floating_point_adder.elf  |tee "floating_point_adder.elf.size"
   text	   data	    bss	    dec	    hex	filename
  25604	   1168	  22648	  49420	   c10c	floating_point_adder.elf
Finished building: floating_point_adder.elf.size
 
03:24:31 **** Auto Build of configuration Debug for project floating_point_adder ****
make pre-build main-build 
a9-linaro-pre-build-step
 
Building file: ../src/main.c
Invoking: ARM v7 gcc compiler
arm-none-eabi-gcc -Wall -O0 -g3 -c -fmessage-length=0 -MT"src/main.o" -mcpu=cortex-a9 -mfpu=vfpv3 -mfloat-abi=hard -I../../floating_point_adder_bsp/ps7_cortexa9_0/include -MMD -MP -MF"src/main.d" -MT"src/main.o" -o "src/main.o" "../src/main.c"
../src/main.c: In function 'main':
../src/main.c:25:6: warning: variable 'Status' set but not used [-Wunused-but-set-variable]
  int Status;
      ^~~~~~
Finished building: ../src/main.c
 
Building target: floating_point_adder.elf
Invoking: ARM v7 gcc linker
arm-none-eabi-gcc -mcpu=cortex-a9 -mfpu=vfpv3 -mfloat-abi=hard -Wl,-build-id=none -specs=Xilinx.spec -Wl,-T -Wl,../src/lscript.ld -L../../floating_point_adder_bsp/ps7_cortexa9_0/lib -o "floating_point_adder.elf" ./src/main.o   -Wl,--start-group,-lxil,-lgcc,-lc,--end-group
Finished building target: floating_point_adder.elf
 
Invoking: ARM v7 Print Size
arm-none-eabi-size floating_point_adder.elf  |tee "floating_point_adder.elf.size"
   text	   data	    bss	    dec	    hex	filename
  25604	   1168	  22648	  49420	   c10c	floating_point_adder.elf
Finished building: floating_point_adder.elf.size
 
03:24:37 **** Auto Build of configuration Debug for project floating_point_adder ****
make pre-build main-build 
a9-linaro-pre-build-step
 
Building file: ../src/main.c
Invoking: ARM v7 gcc compiler
arm-none-eabi-gcc -Wall -O0 -g3 -c -fmessage-length=0 -MT"src/main.o" -mcpu=cortex-a9 -mfpu=vfpv3 -mfloat-abi=hard -I../../floating_point_adder_bsp/ps7_cortexa9_0/include -MMD -MP -MF"src/main.d" -MT"src/main.o" -o "src/main.o" "../src/main.c"
../src/main.c: In function 'main':
../src/main.c:25:6: warning: variable 'Status' set but not used [-Wunused-but-set-variable]
  int Status;
      ^~~~~~
Finished building: ../src/main.c
 
Building target: floating_point_adder.elf
Invoking: ARM v7 gcc linker
arm-none-eabi-gcc -mcpu=cortex-a9 -mfpu=vfpv3 -mfloat-abi=hard -Wl,-build-id=none -specs=Xilinx.spec -Wl,-T -Wl,../src/lscript.ld -L../../floating_point_adder_bsp/ps7_cortexa9_0/lib -o "floating_point_adder.elf" ./src/main.o   -Wl,--start-group,-lxil,-lgcc,-lc,--end-group
Finished building target: floating_point_adder.elf
 
Invoking: ARM v7 Print Size
arm-none-eabi-size floating_point_adder.elf  |tee "floating_point_adder.elf.size"
   text	   data	    bss	    dec	    hex	filename
  25604	   1168	  22648	  49420	   c10c	floating_point_adder.elf
Finished building: floating_point_adder.elf.size
 
03:24:52 **** Incremental Build of configuration Debug for project floating_point_adder ****
make pre-build main-build 
a9-linaro-pre-build-step
 
Building file: ../src/main.c
Invoking: ARM v7 gcc compiler
arm-none-eabi-gcc -Wall -O0 -g3 -c -fmessage-length=0 -MT"src/main.o" -mcpu=cortex-a9 -mfpu=vfpv3 -mfloat-abi=hard -I../../floating_point_adder_bsp/ps7_cortexa9_0/include -MMD -MP -MF"src/main.d" -MT"src/main.o" -o "src/main.o" "../src/main.c"
../src/main.c: In function 'main':
../src/main.c:25:6: warning: variable 'Status' set but not used [-Wunused-but-set-variable]
  int Status;
      ^~~~~~
Finished building: ../src/main.c
 
Building target: floating_point_adder.elf
Invoking: ARM v7 gcc linker
arm-none-eabi-gcc -mcpu=cortex-a9 -mfpu=vfpv3 -mfloat-abi=hard -Wl,-build-id=none -specs=Xilinx.spec -Wl,-T -Wl,../src/lscript.ld -L../../floating_point_adder_bsp/ps7_cortexa9_0/lib -o "floating_point_adder.elf" ./src/main.o   -Wl,--start-group,-lxil,-lgcc,-lc,--end-group
Finished building target: floating_point_adder.elf
 
Invoking: ARM v7 Print Size
arm-none-eabi-size floating_point_adder.elf  |tee "floating_point_adder.elf.size"
   text	   data	    bss	    dec	    hex	filename
  25668	   1168	  22648	  49484	   c14c	floating_point_adder.elf
Finished building: floating_point_adder.elf.size
 
03:26:53 **** Auto Build of configuration Debug for project floating_point_adder ****
make pre-build main-build 
a9-linaro-pre-build-step
 
Building file: ../src/main.c
Invoking: ARM v7 gcc compiler
arm-none-eabi-gcc -Wall -O0 -g3 -c -fmessage-length=0 -MT"src/main.o" -mcpu=cortex-a9 -mfpu=vfpv3 -mfloat-abi=hard -I../../floating_point_adder_bsp/ps7_cortexa9_0/include -MMD -MP -MF"src/main.d" -MT"src/main.o" -o "src/main.o" "../src/main.c"
../src/main.c: In function 'main':
../src/main.c:25:6: warning: variable 'Status' set but not used [-Wunused-but-set-variable]
  int Status;
      ^~~~~~
Finished building: ../src/main.c
 
Building target: floating_point_adder.elf
Invoking: ARM v7 gcc linker
arm-none-eabi-gcc -mcpu=cortex-a9 -mfpu=vfpv3 -mfloat-abi=hard -Wl,-build-id=none -specs=Xilinx.spec -Wl,-T -Wl,../src/lscript.ld -L../../floating_point_adder_bsp/ps7_cortexa9_0/lib -o "floating_point_adder.elf" ./src/main.o   -Wl,--start-group,-lxil,-lgcc,-lc,--end-group
Finished building target: floating_point_adder.elf
 
Invoking: ARM v7 Print Size
arm-none-eabi-size floating_point_adder.elf  |tee "floating_point_adder.elf.size"
   text	   data	    bss	    dec	    hex	filename
  25652	   1168	  22648	  49468	   c13c	floating_point_adder.elf
Finished building: floating_point_adder.elf.size
 
03:27:18 **** Auto Build of configuration Debug for project floating_point_adder ****
make pre-build main-build 
a9-linaro-pre-build-step
 
Building file: ../src/main.c
Invoking: ARM v7 gcc compiler
arm-none-eabi-gcc -Wall -O0 -g3 -c -fmessage-length=0 -MT"src/main.o" -mcpu=cortex-a9 -mfpu=vfpv3 -mfloat-abi=hard -I../../floating_point_adder_bsp/ps7_cortexa9_0/include -MMD -MP -MF"src/main.d" -MT"src/main.o" -o "src/main.o" "../src/main.c"
../src/main.c: In function 'main':
../src/main.c:25:6: warning: variable 'Status' set but not used [-Wunused-but-set-variable]
  int Status;
      ^~~~~~
Finished building: ../src/main.c
 
Building target: floating_point_adder.elf
Invoking: ARM v7 gcc linker
arm-none-eabi-gcc -mcpu=cortex-a9 -mfpu=vfpv3 -mfloat-abi=hard -Wl,-build-id=none -specs=Xilinx.spec -Wl,-T -Wl,../src/lscript.ld -L../../floating_point_adder_bsp/ps7_cortexa9_0/lib -o "floating_point_adder.elf" ./src/main.o   -Wl,--start-group,-lxil,-lgcc,-lc,--end-group
Finished building target: floating_point_adder.elf
 
Invoking: ARM v7 Print Size
arm-none-eabi-size floating_point_adder.elf  |tee "floating_point_adder.elf.size"
   text	   data	    bss	    dec	    hex	filename
  25648	   1168	  22648	  49464	   c138	floating_point_adder.elf
Finished building: floating_point_adder.elf.size
 
03:27:21 **** Incremental Build of configuration Debug for project floating_point_adder ****
make pre-build main-build 
a9-linaro-pre-build-step
 
make: Nothing to be done for 'main-build'.
03:30:21 **** Auto Build of configuration Debug for project floating_point_adder ****
make pre-build main-build 
a9-linaro-pre-build-step
 
Building file: ../src/main.c
Invoking: ARM v7 gcc compiler
arm-none-eabi-gcc -Wall -O0 -g3 -c -fmessage-length=0 -MT"src/main.o" -mcpu=cortex-a9 -mfpu=vfpv3 -mfloat-abi=hard -I../../floating_point_adder_bsp/ps7_cortexa9_0/include -MMD -MP -MF"src/main.d" -MT"src/main.o" -o "src/main.o" "../src/main.c"
../src/main.c: In function 'main':
../src/main.c:25:6: warning: variable 'Status' set but not used [-Wunused-but-set-variable]
  int Status;
      ^~~~~~
Finished building: ../src/main.c
 
Building target: floating_point_adder.elf
Invoking: ARM v7 gcc linker
arm-none-eabi-gcc -mcpu=cortex-a9 -mfpu=vfpv3 -mfloat-abi=hard -Wl,-build-id=none -specs=Xilinx.spec -Wl,-T -Wl,../src/lscript.ld -L../../floating_point_adder_bsp/ps7_cortexa9_0/lib -o "floating_point_adder.elf" ./src/main.o   -Wl,--start-group,-lxil,-lgcc,-lc,--end-group
Finished building target: floating_point_adder.elf
 
Invoking: ARM v7 Print Size
arm-none-eabi-size floating_point_adder.elf  |tee "floating_point_adder.elf.size"
   text	   data	    bss	    dec	    hex	filename
  25648	   1168	  22648	  49464	   c138	floating_point_adder.elf
Finished building: floating_point_adder.elf.size
 
03:30:26 **** Incremental Build of configuration Debug for project floating_point_adder ****
make pre-build main-build 
a9-linaro-pre-build-step
 
make: Nothing to be done for 'main-build'.
03:32:49 **** Auto Build of configuration Debug for project floating_point_adder ****
make pre-build main-build 
a9-linaro-pre-build-step
 
Building file: ../src/main.c
Invoking: ARM v7 gcc compiler
arm-none-eabi-gcc -Wall -O0 -g3 -c -fmessage-length=0 -MT"src/main.o" -mcpu=cortex-a9 -mfpu=vfpv3 -mfloat-abi=hard -I../../floating_point_adder_bsp/ps7_cortexa9_0/include -MMD -MP -MF"src/main.d" -MT"src/main.o" -o "src/main.o" "../src/main.c"
../src/main.c: In function 'main':
../src/main.c:25:6: warning: variable 'Status' set but not used [-Wunused-but-set-variable]
  int Status;
      ^~~~~~
Finished building: ../src/main.c
 
Building target: floating_point_adder.elf
Invoking: ARM v7 gcc linker
arm-none-eabi-gcc -mcpu=cortex-a9 -mfpu=vfpv3 -mfloat-abi=hard -Wl,-build-id=none -specs=Xilinx.spec -Wl,-T -Wl,../src/lscript.ld -L../../floating_point_adder_bsp/ps7_cortexa9_0/lib -o "floating_point_adder.elf" ./src/main.o   -Wl,--start-group,-lxil,-lgcc,-lc,--end-group
Finished building target: floating_point_adder.elf
 
Invoking: ARM v7 Print Size
arm-none-eabi-size floating_point_adder.elf  |tee "floating_point_adder.elf.size"
   text	   data	    bss	    dec	    hex	filename
  25656	   1168	  22648	  49472	   c140	floating_point_adder.elf
Finished building: floating_point_adder.elf.size
 
03:33:04 **** Incremental Build of configuration Debug for project floating_point_adder ****
make pre-build main-build 
a9-linaro-pre-build-step
 
make: Nothing to be done for 'main-build'.
03:34:18 **** Auto Build of configuration Debug for project floating_point_adder ****
make pre-build main-build 
a9-linaro-pre-build-step
 
Building file: ../src/main.c
Invoking: ARM v7 gcc compiler
arm-none-eabi-gcc -Wall -O0 -g3 -c -fmessage-length=0 -MT"src/main.o" -mcpu=cortex-a9 -mfpu=vfpv3 -mfloat-abi=hard -I../../floating_point_adder_bsp/ps7_cortexa9_0/include -MMD -MP -MF"src/main.d" -MT"src/main.o" -o "src/main.o" "../src/main.c"
../src/main.c: In function 'main':
../src/main.c:26:5: warning: variable 'byte_received' set but not used [-Wunused-but-set-variable]
  u8 byte_received;
     ^~~~~~~~~~~~~
../src/main.c:25:6: warning: variable 'Status' set but not used [-Wunused-but-set-variable]
  int Status;
      ^~~~~~
Finished building: ../src/main.c
 
Building target: floating_point_adder.elf
Invoking: ARM v7 gcc linker
arm-none-eabi-gcc -mcpu=cortex-a9 -mfpu=vfpv3 -mfloat-abi=hard -Wl,-build-id=none -specs=Xilinx.spec -Wl,-T -Wl,../src/lscript.ld -L../../floating_point_adder_bsp/ps7_cortexa9_0/lib -o "floating_point_adder.elf" ./src/main.o   -Wl,--start-group,-lxil,-lgcc,-lc,--end-group
Finished building target: floating_point_adder.elf
 
Invoking: ARM v7 Print Size
arm-none-eabi-size floating_point_adder.elf  |tee "floating_point_adder.elf.size"
   text	   data	    bss	    dec	    hex	filename
  25592	   1168	  22648	  49408	   c100	floating_point_adder.elf
Finished building: floating_point_adder.elf.size
 
03:34:24 **** Auto Build of configuration Debug for project floating_point_adder ****
make pre-build main-build 
a9-linaro-pre-build-step
 
Building file: ../src/main.c
Invoking: ARM v7 gcc compiler
arm-none-eabi-gcc -Wall -O0 -g3 -c -fmessage-length=0 -MT"src/main.o" -mcpu=cortex-a9 -mfpu=vfpv3 -mfloat-abi=hard -I../../floating_point_adder_bsp/ps7_cortexa9_0/include -MMD -MP -MF"src/main.d" -MT"src/main.o" -o "src/main.o" "../src/main.c"
../src/main.c: In function 'main':
../src/main.c:26:5: warning: variable 'byte_received' set but not used [-Wunused-but-set-variable]
  u8 byte_received;
     ^~~~~~~~~~~~~
../src/main.c:25:6: warning: variable 'Status' set but not used [-Wunused-but-set-variable]
  int Status;
      ^~~~~~
Finished building: ../src/main.c
 
Building target: floating_point_adder.elf
Invoking: ARM v7 gcc linker
arm-none-eabi-gcc -mcpu=cortex-a9 -mfpu=vfpv3 -mfloat-abi=hard -Wl,-build-id=none -specs=Xilinx.spec -Wl,-T -Wl,../src/lscript.ld -L../../floating_point_adder_bsp/ps7_cortexa9_0/lib -o "floating_point_adder.elf" ./src/main.o   -Wl,--start-group,-lxil,-lgcc,-lc,--end-group
Finished building target: floating_point_adder.elf
 
Invoking: ARM v7 Print Size
arm-none-eabi-size floating_point_adder.elf  |tee "floating_point_adder.elf.size"
   text	   data	    bss	    dec	    hex	filename
  25592	   1168	  22584	  49344	   c0c0	floating_point_adder.elf
Finished building: floating_point_adder.elf.size
 
03:34:32 **** Auto Build of configuration Debug for project floating_point_adder ****
make pre-build main-build 
a9-linaro-pre-build-step
 
Building file: ../src/main.c
Invoking: ARM v7 gcc compiler
arm-none-eabi-gcc -Wall -O0 -g3 -c -fmessage-length=0 -MT"src/main.o" -mcpu=cortex-a9 -mfpu=vfpv3 -mfloat-abi=hard -I../../floating_point_adder_bsp/ps7_cortexa9_0/include -MMD -MP -MF"src/main.d" -MT"src/main.o" -o "src/main.o" "../src/main.c"
../src/main.c: In function 'main':
../src/main.c:21:5: warning: variable 'byte_received' set but not used [-Wunused-but-set-variable]
  u8 byte_received;
     ^~~~~~~~~~~~~
../src/main.c:20:6: warning: variable 'Status' set but not used [-Wunused-but-set-variable]
  int Status;
      ^~~~~~
Finished building: ../src/main.c
 
Building target: floating_point_adder.elf
Invoking: ARM v7 gcc linker
arm-none-eabi-gcc -mcpu=cortex-a9 -mfpu=vfpv3 -mfloat-abi=hard -Wl,-build-id=none -specs=Xilinx.spec -Wl,-T -Wl,../src/lscript.ld -L../../floating_point_adder_bsp/ps7_cortexa9_0/lib -o "floating_point_adder.elf" ./src/main.o   -Wl,--start-group,-lxil,-lgcc,-lc,--end-group
Finished building target: floating_point_adder.elf
 
Invoking: ARM v7 Print Size
arm-none-eabi-size floating_point_adder.elf  |tee "floating_point_adder.elf.size"
   text	   data	    bss	    dec	    hex	filename
  25592	   1168	  22584	  49344	   c0c0	floating_point_adder.elf
Finished building: floating_point_adder.elf.size
 
03:34:41 **** Incremental Build of configuration Debug for project floating_point_adder ****
make pre-build main-build 
a9-linaro-pre-build-step
 
make: Nothing to be done for 'main-build'.
03:35:46 **** Auto Build of configuration Debug for project floating_point_adder ****
make pre-build main-build 
a9-linaro-pre-build-step
 
Building file: ../src/main.c
Invoking: ARM v7 gcc compiler
arm-none-eabi-gcc -Wall -O0 -g3 -c -fmessage-length=0 -MT"src/main.o" -mcpu=cortex-a9 -mfpu=vfpv3 -mfloat-abi=hard -I../../floating_point_adder_bsp/ps7_cortexa9_0/include -MMD -MP -MF"src/main.d" -MT"src/main.o" -o "src/main.o" "../src/main.c"
../src/main.c: In function 'main':
../src/main.c:24:5: warning: variable 'byte_received' set but not used [-Wunused-but-set-variable]
  u8 byte_received;
     ^~~~~~~~~~~~~
../src/main.c:23:6: warning: variable 'Status' set but not used [-Wunused-but-set-variable]
  int Status;
      ^~~~~~
Finished building: ../src/main.c
 
Building target: floating_point_adder.elf
Invoking: ARM v7 gcc linker
arm-none-eabi-gcc -mcpu=cortex-a9 -mfpu=vfpv3 -mfloat-abi=hard -Wl,-build-id=none -specs=Xilinx.spec -Wl,-T -Wl,../src/lscript.ld -L../../floating_point_adder_bsp/ps7_cortexa9_0/lib -o "floating_point_adder.elf" ./src/main.o   -Wl,--start-group,-lxil,-lgcc,-lc,--end-group
Finished building target: floating_point_adder.elf
 
Invoking: ARM v7 Print Size
arm-none-eabi-size floating_point_adder.elf  |tee "floating_point_adder.elf.size"
   text	   data	    bss	    dec	    hex	filename
  25592	   1168	  22584	  49344	   c0c0	floating_point_adder.elf
Finished building: floating_point_adder.elf.size
 
03:35:56 **** Auto Build of configuration Debug for project floating_point_adder ****
make pre-build main-build 
a9-linaro-pre-build-step
 
Building file: ../src/main.c
Invoking: ARM v7 gcc compiler
arm-none-eabi-gcc -Wall -O0 -g3 -c -fmessage-length=0 -MT"src/main.o" -mcpu=cortex-a9 -mfpu=vfpv3 -mfloat-abi=hard -I../../floating_point_adder_bsp/ps7_cortexa9_0/include -MMD -MP -MF"src/main.d" -MT"src/main.o" -o "src/main.o" "../src/main.c"
../src/main.c: In function 'main':
../src/main.c:33:5: warning: variable 'byte_received' set but not used [-Wunused-but-set-variable]
  u8 byte_received;
     ^~~~~~~~~~~~~
../src/main.c:32:6: warning: variable 'Status' set but not used [-Wunused-but-set-variable]
  int Status;
      ^~~~~~
Finished building: ../src/main.c
 
Building target: floating_point_adder.elf
Invoking: ARM v7 gcc linker
arm-none-eabi-gcc -mcpu=cortex-a9 -mfpu=vfpv3 -mfloat-abi=hard -Wl,-build-id=none -specs=Xilinx.spec -Wl,-T -Wl,../src/lscript.ld -L../../floating_point_adder_bsp/ps7_cortexa9_0/lib -o "floating_point_adder.elf" ./src/main.o   -Wl,--start-group,-lxil,-lgcc,-lc,--end-group
Finished building target: floating_point_adder.elf
 
Invoking: ARM v7 Print Size
arm-none-eabi-size floating_point_adder.elf  |tee "floating_point_adder.elf.size"
   text	   data	    bss	    dec	    hex	filename
  25592	   1168	  22584	  49344	   c0c0	floating_point_adder.elf
Finished building: floating_point_adder.elf.size
 
03:35:59 **** Auto Build of configuration Debug for project floating_point_adder ****
make pre-build main-build 
a9-linaro-pre-build-step
 
Building file: ../src/main.c
Invoking: ARM v7 gcc compiler
arm-none-eabi-gcc -Wall -O0 -g3 -c -fmessage-length=0 -MT"src/main.o" -mcpu=cortex-a9 -mfpu=vfpv3 -mfloat-abi=hard -I../../floating_point_adder_bsp/ps7_cortexa9_0/include -MMD -MP -MF"src/main.d" -MT"src/main.o" -o "src/main.o" "../src/main.c"
../src/main.c: In function 'main':
../src/main.c:33:5: warning: variable 'byte_received' set but not used [-Wunused-but-set-variable]
  u8 byte_received;
     ^~~~~~~~~~~~~
../src/main.c:32:6: warning: variable 'Status' set but not used [-Wunused-but-set-variable]
  int Status;
      ^~~~~~
Finished building: ../src/main.c
 
Building target: floating_point_adder.elf
Invoking: ARM v7 gcc linker
arm-none-eabi-gcc -mcpu=cortex-a9 -mfpu=vfpv3 -mfloat-abi=hard -Wl,-build-id=none -specs=Xilinx.spec -Wl,-T -Wl,../src/lscript.ld -L../../floating_point_adder_bsp/ps7_cortexa9_0/lib -o "floating_point_adder.elf" ./src/main.o   -Wl,--start-group,-lxil,-lgcc,-lc,--end-group
Finished building target: floating_point_adder.elf
 
Invoking: ARM v7 Print Size
arm-none-eabi-size floating_point_adder.elf  |tee "floating_point_adder.elf.size"
   text	   data	    bss	    dec	    hex	filename
  25592	   1168	  22584	  49344	   c0c0	floating_point_adder.elf
Finished building: floating_point_adder.elf.size
 
03:36:07 **** Auto Build of configuration Debug for project floating_point_adder ****
make pre-build main-build 
a9-linaro-pre-build-step
 
Building file: ../src/main.c
Invoking: ARM v7 gcc compiler
arm-none-eabi-gcc -Wall -O0 -g3 -c -fmessage-length=0 -MT"src/main.o" -mcpu=cortex-a9 -mfpu=vfpv3 -mfloat-abi=hard -I../../floating_point_adder_bsp/ps7_cortexa9_0/include -MMD -MP -MF"src/main.d" -MT"src/main.o" -o "src/main.o" "../src/main.c"
../src/main.c: In function 'main':
../src/main.c:33:5: warning: variable 'byte_received' set but not used [-Wunused-but-set-variable]
  u8 byte_received;
     ^~~~~~~~~~~~~
../src/main.c:32:6: warning: variable 'Status' set but not used [-Wunused-but-set-variable]
  int Status;
      ^~~~~~
Finished building: ../src/main.c
 
Building target: floating_point_adder.elf
Invoking: ARM v7 gcc linker
arm-none-eabi-gcc -mcpu=cortex-a9 -mfpu=vfpv3 -mfloat-abi=hard -Wl,-build-id=none -specs=Xilinx.spec -Wl,-T -Wl,../src/lscript.ld -L../../floating_point_adder_bsp/ps7_cortexa9_0/lib -o "floating_point_adder.elf" ./src/main.o   -Wl,--start-group,-lxil,-lgcc,-lc,--end-group
Finished building target: floating_point_adder.elf
 
Invoking: ARM v7 Print Size
arm-none-eabi-size floating_point_adder.elf  |tee "floating_point_adder.elf.size"
   text	   data	    bss	    dec	    hex	filename
  25592	   1168	  22584	  49344	   c0c0	floating_point_adder.elf
Finished building: floating_point_adder.elf.size
 
03:36:52 **** Auto Build of configuration Debug for project floating_point_adder ****
make pre-build main-build 
a9-linaro-pre-build-step
 
Building file: ../src/main.c
Invoking: ARM v7 gcc compiler
arm-none-eabi-gcc -Wall -O0 -g3 -c -fmessage-length=0 -MT"src/main.o" -mcpu=cortex-a9 -mfpu=vfpv3 -mfloat-abi=hard -I../../floating_point_adder_bsp/ps7_cortexa9_0/include -MMD -MP -MF"src/main.d" -MT"src/main.o" -o "src/main.o" "../src/main.c"
../src/main.c: In function 'main':
../src/main.c:33:5: warning: variable 'byte_received' set but not used [-Wunused-but-set-variable]
  u8 byte_received;
     ^~~~~~~~~~~~~
../src/main.c:32:6: warning: variable 'Status' set but not used [-Wunused-but-set-variable]
  int Status;
      ^~~~~~
Finished building: ../src/main.c
 
Building target: floating_point_adder.elf
Invoking: ARM v7 gcc linker
arm-none-eabi-gcc -mcpu=cortex-a9 -mfpu=vfpv3 -mfloat-abi=hard -Wl,-build-id=none -specs=Xilinx.spec -Wl,-T -Wl,../src/lscript.ld -L../../floating_point_adder_bsp/ps7_cortexa9_0/lib -o "floating_point_adder.elf" ./src/main.o   -Wl,--start-group,-lxil,-lgcc,-lc,--end-group
Finished building target: floating_point_adder.elf
 
Invoking: ARM v7 Print Size
arm-none-eabi-size floating_point_adder.elf  |tee "floating_point_adder.elf.size"
   text	   data	    bss	    dec	    hex	filename
  25592	   1168	  22584	  49344	   c0c0	floating_point_adder.elf
Finished building: floating_point_adder.elf.size
 
03:37:22 **** Auto Build of configuration Debug for project floating_point_adder ****
make pre-build main-build 
a9-linaro-pre-build-step
 
Building file: ../src/main.c
Invoking: ARM v7 gcc compiler
arm-none-eabi-gcc -Wall -O0 -g3 -c -fmessage-length=0 -MT"src/main.o" -mcpu=cortex-a9 -mfpu=vfpv3 -mfloat-abi=hard -I../../floating_point_adder_bsp/ps7_cortexa9_0/include -MMD -MP -MF"src/main.d" -MT"src/main.o" -o "src/main.o" "../src/main.c"
../src/main.c: In function 'main':
../src/main.c:35:5: warning: variable 'byte_received' set but not used [-Wunused-but-set-variable]
  u8 byte_received;
     ^~~~~~~~~~~~~
../src/main.c:34:6: warning: variable 'Status' set but not used [-Wunused-but-set-variable]
  int Status;
      ^~~~~~
Finished building: ../src/main.c
 
Building target: floating_point_adder.elf
Invoking: ARM v7 gcc linker
arm-none-eabi-gcc -mcpu=cortex-a9 -mfpu=vfpv3 -mfloat-abi=hard -Wl,-build-id=none -specs=Xilinx.spec -Wl,-T -Wl,../src/lscript.ld -L../../floating_point_adder_bsp/ps7_cortexa9_0/lib -o "floating_point_adder.elf" ./src/main.o   -Wl,--start-group,-lxil,-lgcc,-lc,--end-group
Finished building target: floating_point_adder.elf
 
Invoking: ARM v7 Print Size
arm-none-eabi-size floating_point_adder.elf  |tee "floating_point_adder.elf.size"
   text	   data	    bss	    dec	    hex	filename
  25592	   1168	  22584	  49344	   c0c0	floating_point_adder.elf
Finished building: floating_point_adder.elf.size
 
03:37:27 **** Auto Build of configuration Debug for project floating_point_adder ****
make pre-build main-build 
a9-linaro-pre-build-step
 
Building file: ../src/main.c
Invoking: ARM v7 gcc compiler
arm-none-eabi-gcc -Wall -O0 -g3 -c -fmessage-length=0 -MT"src/main.o" -mcpu=cortex-a9 -mfpu=vfpv3 -mfloat-abi=hard -I../../floating_point_adder_bsp/ps7_cortexa9_0/include -MMD -MP -MF"src/main.d" -MT"src/main.o" -o "src/main.o" "../src/main.c"
../src/main.c: In function 'main':
../src/main.c:35:5: warning: variable 'byte_received' set but not used [-Wunused-but-set-variable]
  u8 byte_received;
     ^~~~~~~~~~~~~
../src/main.c:34:6: warning: variable 'Status' set but not used [-Wunused-but-set-variable]
  int Status;
      ^~~~~~
Finished building: ../src/main.c
 
Building target: floating_point_adder.elf
Invoking: ARM v7 gcc linker
arm-none-eabi-gcc -mcpu=cortex-a9 -mfpu=vfpv3 -mfloat-abi=hard -Wl,-build-id=none -specs=Xilinx.spec -Wl,-T -Wl,../src/lscript.ld -L../../floating_point_adder_bsp/ps7_cortexa9_0/lib -o "floating_point_adder.elf" ./src/main.o   -Wl,--start-group,-lxil,-lgcc,-lc,--end-group
Finished building target: floating_point_adder.elf
 
Invoking: ARM v7 Print Size
arm-none-eabi-size floating_point_adder.elf  |tee "floating_point_adder.elf.size"
   text	   data	    bss	    dec	    hex	filename
  25592	   1168	  22584	  49344	   c0c0	floating_point_adder.elf
Finished building: floating_point_adder.elf.size
 
03:37:36 **** Auto Build of configuration Debug for project floating_point_adder ****
make pre-build main-build 
a9-linaro-pre-build-step
 
Building file: ../src/main.c
Invoking: ARM v7 gcc compiler
arm-none-eabi-gcc -Wall -O0 -g3 -c -fmessage-length=0 -MT"src/main.o" -mcpu=cortex-a9 -mfpu=vfpv3 -mfloat-abi=hard -I../../floating_point_adder_bsp/ps7_cortexa9_0/include -MMD -MP -MF"src/main.d" -MT"src/main.o" -o "src/main.o" "../src/main.c"
../src/main.c: In function 'main':
../src/main.c:35:5: warning: variable 'byte_received' set but not used [-Wunused-but-set-variable]
  u8 byte_received;
     ^~~~~~~~~~~~~
../src/main.c:34:6: warning: variable 'Status' set but not used [-Wunused-but-set-variable]
  int Status;
      ^~~~~~
Finished building: ../src/main.c
 
Building target: floating_point_adder.elf
Invoking: ARM v7 gcc linker
arm-none-eabi-gcc -mcpu=cortex-a9 -mfpu=vfpv3 -mfloat-abi=hard -Wl,-build-id=none -specs=Xilinx.spec -Wl,-T -Wl,../src/lscript.ld -L../../floating_point_adder_bsp/ps7_cortexa9_0/lib -o "floating_point_adder.elf" ./src/main.o   -Wl,--start-group,-lxil,-lgcc,-lc,--end-group
Finished building target: floating_point_adder.elf
 
Invoking: ARM v7 Print Size
arm-none-eabi-size floating_point_adder.elf  |tee "floating_point_adder.elf.size"
   text	   data	    bss	    dec	    hex	filename
  25592	   1168	  22584	  49344	   c0c0	floating_point_adder.elf
Finished building: floating_point_adder.elf.size
 
03:37:45 **** Auto Build of configuration Debug for project floating_point_adder ****
make pre-build main-build 
a9-linaro-pre-build-step
 
Building file: ../src/main.c
Invoking: ARM v7 gcc compiler
arm-none-eabi-gcc -Wall -O0 -g3 -c -fmessage-length=0 -MT"src/main.o" -mcpu=cortex-a9 -mfpu=vfpv3 -mfloat-abi=hard -I../../floating_point_adder_bsp/ps7_cortexa9_0/include -MMD -MP -MF"src/main.d" -MT"src/main.o" -o "src/main.o" "../src/main.c"
../src/main.c: In function 'main':
../src/main.c:35:5: warning: variable 'byte_received' set but not used [-Wunused-but-set-variable]
  u8 byte_received;
     ^~~~~~~~~~~~~
../src/main.c:34:6: warning: variable 'Status' set but not used [-Wunused-but-set-variable]
  int Status;
      ^~~~~~
Finished building: ../src/main.c
 
Building target: floating_point_adder.elf
Invoking: ARM v7 gcc linker
arm-none-eabi-gcc -mcpu=cortex-a9 -mfpu=vfpv3 -mfloat-abi=hard -Wl,-build-id=none -specs=Xilinx.spec -Wl,-T -Wl,../src/lscript.ld -L../../floating_point_adder_bsp/ps7_cortexa9_0/lib -o "floating_point_adder.elf" ./src/main.o   -Wl,--start-group,-lxil,-lgcc,-lc,--end-group
Finished building target: floating_point_adder.elf
 
Invoking: ARM v7 Print Size
arm-none-eabi-size floating_point_adder.elf  |tee "floating_point_adder.elf.size"
   text	   data	    bss	    dec	    hex	filename
  25592	   1168	  22584	  49344	   c0c0	floating_point_adder.elf
Finished building: floating_point_adder.elf.size
 
17:21:02 **** Auto Build of configuration Debug for project floating_point_adder ****
make pre-build main-build 
a9-linaro-pre-build-step
 
Building file: ../src/main.c
Invoking: ARM v7 gcc compiler
arm-none-eabi-gcc -Wall -O0 -g3 -c -fmessage-length=0 -MT"src/main.o" -mcpu=cortex-a9 -mfpu=vfpv3 -mfloat-abi=hard -I../../floating_point_adder_bsp/ps7_cortexa9_0/include -MMD -MP -MF"src/main.d" -MT"src/main.o" -o "src/main.o" "../src/main.c"
../src/main.c: In function 'main':
../src/main.c:35:5: warning: variable 'byte_received' set but not used [-Wunused-but-set-variable]
  u8 byte_received;
     ^~~~~~~~~~~~~
../src/main.c:34:6: warning: variable 'Status' set but not used [-Wunused-but-set-variable]
  int Status;
      ^~~~~~
Finished building: ../src/main.c
 
Building target: floating_point_adder.elf
Invoking: ARM v7 gcc linker
arm-none-eabi-gcc -mcpu=cortex-a9 -mfpu=vfpv3 -mfloat-abi=hard -Wl,-build-id=none -specs=Xilinx.spec -Wl,-T -Wl,../src/lscript.ld -L../../floating_point_adder_bsp/ps7_cortexa9_0/lib -o "floating_point_adder.elf" ./src/main.o   -Wl,--start-group,-lxil,-lgcc,-lc,--end-group
Finished building target: floating_point_adder.elf
 
Invoking: ARM v7 Print Size
arm-none-eabi-size floating_point_adder.elf  |tee "floating_point_adder.elf.size"
   text	   data	    bss	    dec	    hex	filename
  25656	   1168	  22584	  49408	   c100	floating_point_adder.elf
Finished building: floating_point_adder.elf.size
 
17:21:21 **** Auto Build of configuration Debug for project floating_point_adder ****
make pre-build main-build 
a9-linaro-pre-build-step
 
Building file: ../src/main.c
Invoking: ARM v7 gcc compiler
arm-none-eabi-gcc -Wall -O0 -g3 -c -fmessage-length=0 -MT"src/main.o" -mcpu=cortex-a9 -mfpu=vfpv3 -mfloat-abi=hard -I../../floating_point_adder_bsp/ps7_cortexa9_0/include -MMD -MP -MF"src/main.d" -MT"src/main.o" -o "src/main.o" "../src/main.c"
../src/main.c: In function 'main':
../src/main.c:35:5: warning: variable 'byte_received' set but not used [-Wunused-but-set-variable]
  u8 byte_received;
     ^~~~~~~~~~~~~
../src/main.c:34:6: warning: variable 'Status' set but not used [-Wunused-but-set-variable]
  int Status;
      ^~~~~~
Finished building: ../src/main.c
 
Building target: floating_point_adder.elf
Invoking: ARM v7 gcc linker
arm-none-eabi-gcc -mcpu=cortex-a9 -mfpu=vfpv3 -mfloat-abi=hard -Wl,-build-id=none -specs=Xilinx.spec -Wl,-T -Wl,../src/lscript.ld -L../../floating_point_adder_bsp/ps7_cortexa9_0/lib -o "floating_point_adder.elf" ./src/main.o   -Wl,--start-group,-lxil,-lgcc,-lc,--end-group
Finished building target: floating_point_adder.elf
 
Invoking: ARM v7 Print Size
arm-none-eabi-size floating_point_adder.elf  |tee "floating_point_adder.elf.size"
   text	   data	    bss	    dec	    hex	filename
  25684	   1168	  22584	  49436	   c11c	floating_point_adder.elf
Finished building: floating_point_adder.elf.size
 
17:23:16 **** Incremental Build of configuration Debug for project floating_point_adder ****
make pre-build main-build 
a9-linaro-pre-build-step
 
make: Nothing to be done for 'main-build'.
17:23:54 **** Auto Build of configuration Debug for project floating_point_adder ****
make pre-build main-build 
a9-linaro-pre-build-step
 
Building file: ../src/main.c
Invoking: ARM v7 gcc compiler
arm-none-eabi-gcc -Wall -O0 -g3 -c -fmessage-length=0 -MT"src/main.o" -mcpu=cortex-a9 -mfpu=vfpv3 -mfloat-abi=hard -I../../floating_point_adder_bsp/ps7_cortexa9_0/include -MMD -MP -MF"src/main.d" -MT"src/main.o" -o "src/main.o" "../src/main.c"
../src/main.c: In function 'main':
../src/main.c:35:5: warning: variable 'byte_received' set but not used [-Wunused-but-set-variable]
  u8 byte_received;
     ^~~~~~~~~~~~~
../src/main.c:34:6: warning: variable 'Status' set but not used [-Wunused-but-set-variable]
  int Status;
      ^~~~~~
Finished building: ../src/main.c
 
Building target: floating_point_adder.elf
Invoking: ARM v7 gcc linker
arm-none-eabi-gcc -mcpu=cortex-a9 -mfpu=vfpv3 -mfloat-abi=hard -Wl,-build-id=none -specs=Xilinx.spec -Wl,-T -Wl,../src/lscript.ld -L../../floating_point_adder_bsp/ps7_cortexa9_0/lib -o "floating_point_adder.elf" ./src/main.o   -Wl,--start-group,-lxil,-lgcc,-lc,--end-group
Finished building target: floating_point_adder.elf
 
Invoking: ARM v7 Print Size
arm-none-eabi-size floating_point_adder.elf  |tee "floating_point_adder.elf.size"
   text	   data	    bss	    dec	    hex	filename
  25684	   1168	  22584	  49436	   c11c	floating_point_adder.elf
Finished building: floating_point_adder.elf.size
 
17:23:59 **** Incremental Build of configuration Debug for project floating_point_adder ****
make pre-build main-build 
a9-linaro-pre-build-step
 
make: Nothing to be done for 'main-build'.
17:24:39 **** Auto Build of configuration Debug for project floating_point_adder ****
make pre-build main-build 
a9-linaro-pre-build-step
 
Building file: ../src/main.c
Invoking: ARM v7 gcc compiler
arm-none-eabi-gcc -Wall -O0 -g3 -c -fmessage-length=0 -MT"src/main.o" -mcpu=cortex-a9 -mfpu=vfpv3 -mfloat-abi=hard -I../../floating_point_adder_bsp/ps7_cortexa9_0/include -MMD -MP -MF"src/main.d" -MT"src/main.o" -o "src/main.o" "../src/main.c"
../src/main.c: In function 'main':
../src/main.c:35:5: warning: variable 'byte_received' set but not used [-Wunused-but-set-variable]
  u8 byte_received;
     ^~~~~~~~~~~~~
../src/main.c:34:6: warning: variable 'Status' set but not used [-Wunused-but-set-variable]
  int Status;
      ^~~~~~
Finished building: ../src/main.c
 
Building target: floating_point_adder.elf
Invoking: ARM v7 gcc linker
arm-none-eabi-gcc -mcpu=cortex-a9 -mfpu=vfpv3 -mfloat-abi=hard -Wl,-build-id=none -specs=Xilinx.spec -Wl,-T -Wl,../src/lscript.ld -L../../floating_point_adder_bsp/ps7_cortexa9_0/lib -o "floating_point_adder.elf" ./src/main.o   -Wl,--start-group,-lxil,-lgcc,-lc,--end-group
Finished building target: floating_point_adder.elf
 
Invoking: ARM v7 Print Size
arm-none-eabi-size floating_point_adder.elf  |tee "floating_point_adder.elf.size"
   text	   data	    bss	    dec	    hex	filename
  25588	   1168	  22584	  49340	   c0bc	floating_point_adder.elf
Finished building: floating_point_adder.elf.size
 
17:27:26 **** Incremental Build of configuration Debug for project floating_point_adder ****
make pre-build main-build 
a9-linaro-pre-build-step
 
make: Nothing to be done for 'main-build'.
17:28:52 **** Incremental Build of configuration Debug for project floating_point_adder ****
make pre-build main-build 
a9-linaro-pre-build-step
 
make: Nothing to be done for 'main-build'.
17:31:25 **** Incremental Build of configuration Debug for project floating_point_adder ****
make pre-build main-build 
a9-linaro-pre-build-step
 
make: Nothing to be done for 'main-build'.
