#-----------------------------------------------------------
# Vivado v2018.1 (64-bit)
# SW Build 2188600 on Wed Apr  4 18:39:19 MDT 2018
# IP Build 2185939 on Wed Apr  4 20:55:05 MDT 2018
# Start of session at: Tue Dec  5 02:50:07 2023
# Process ID: 698104
# Current directory: /home/francesco/Desktop/tp/floating_point_adder/floating_point_adder/floating_point_adder.runs/system_floating_point_adder_0_0_synth_1
# Command line: vivado -log system_floating_point_adder_0_0.vds -product Vivado -mode batch -messageDb vivado.pb -notrace -source system_floating_point_adder_0_0.tcl
# Log file: /home/francesco/Desktop/tp/floating_point_adder/floating_point_adder/floating_point_adder.runs/system_floating_point_adder_0_0_synth_1/system_floating_point_adder_0_0.vds
# Journal file: /home/francesco/Desktop/tp/floating_point_adder/floating_point_adder/floating_point_adder.runs/system_floating_point_adder_0_0_synth_1/vivado.jou
#-----------------------------------------------------------
source system_floating_point_adder_0_0.tcl -notrace
